2026-06-18T22:06:42.479+05:30  INFO 13841 --- [hospital] [restartedMain] c.ermapsh.hospital.HospitalApplication   : Starting HospitalApplication using Java 25.0.1 with PID 13841 (/Users/ermapsh/Devlopement/project/backend/hospital/target/classes started by ermapsh in /Users/ermapsh/Devlopement/project/backend/hospital)
2026-06-18T22:06:42.479+05:30  INFO 13841 --- [hospital] [restartedMain] c.ermapsh.hospital.HospitalApplication   : No active profile set, falling back to 1 default profile: "default"
2026-06-18T22:06:42.512+05:30  INFO 13841 --- [hospital] [restartedMain] .s.d.r.c.RepositoryConfigurationDelegate : Bootstrapping Spring Data JPA repositories in DEFAULT mode.
2026-06-18T22:06:42.516+05:30  INFO 13841 --- [hospital] [restartedMain] .s.d.r.c.RepositoryConfigurationDelegate : Finished Spring Data repository scanning in 4 ms. Found 6 JPA repository interfaces.
2026-06-18T22:06:42.538+05:30  INFO 13841 --- [hospital] [restartedMain] o.s.boot.tomcat.TomcatWebServer          : Tomcat initialized with port 8080 (http)
2026-06-18T22:06:42.539+05:30  INFO 13841 --- [hospital] [restartedMain] o.apache.catalina.core.StandardService   : Starting service [Tomcat]
2026-06-18T22:06:42.539+05:30  INFO 13841 --- [hospital] [restartedMain] o.apache.catalina.core.StandardEngine    : Starting Servlet engine: [Apache Tomcat/11.0.18]
2026-06-18T22:06:42.542+05:30  INFO 13841 --- [hospital] [restartedMain] b.w.c.s.WebApplicationContextInitializer : Root WebApplicationContext: initialization completed in 62 ms
2026-06-18T22:06:42.546+05:30  INFO 13841 --- [hospital] [restartedMain] com.zaxxer.hikari.HikariDataSource       : HikariPool-22 - Starting...
2026-06-18T22:06:42.553+05:30  INFO 13841 --- [hospital] [restartedMain] com.zaxxer.hikari.pool.HikariPool        : HikariPool-22 - Added connection org.postgresql.jdbc.PgConnection@197b49a4
2026-06-18T22:06:42.553+05:30  INFO 13841 --- [hospital] [restartedMain] com.zaxxer.hikari.HikariDataSource       : HikariPool-22 - Start completed.
2026-06-18T22:06:42.559+05:30  INFO 13841 --- [hospital] [restartedMain] org.hibernate.orm.jpa                    : HHH008540: Processing PersistenceUnitInfo [name: default]
2026-06-18T22:06:42.565+05:30  INFO 13841 --- [hospital] [restartedMain] o.h.e.boot.internal.EnversServiceImpl    : Envers integration enabled? : true
2026-06-18T22:06:42.567+05:30  INFO 13841 --- [hospital] [restartedMain] o.s.o.j.p.SpringPersistenceUnitInfo      : No LoadTimeWeaver setup: ignoring JPA class transformer
2026-06-18T22:06:42.572+05:30  INFO 13841 --- [hospital] [restartedMain] org.hibernate.orm.connections.pooling    : HHH10001005: Database info:
	Database JDBC URL [jdbc:postgresql://localhost:5432/hospital]
	Database driver: PostgreSQL JDBC Driver
	Database dialect: PostgreSQLDialect
	Database version: 15.15
	Default catalog/schema: hospital/public
	Autocommit mode: undefined/unknown
	Isolation level: READ_COMMITTED [default READ_COMMITTED]
	JDBC fetch size: none
	Pool: DataSourceConnectionProvider
	Minimum pool size: undefined/unknown
	Maximum pool size: undefined/unknown
2026-06-18T22:06:42.582+05:30  INFO 13841 --- [hospital] [restartedMain] o.h.e.c.i.m.AuditMetadataGenerator       : Adding properties for entity: com.ermapsh.hospital.entity.PostEntity
2026-06-18T22:06:42.609+05:30  INFO 13841 --- [hospital] [restartedMain] org.hibernate.orm.core                   : HHH000489: No JTA platform available (set 'hibernate.transaction.jta.platform' to enable JTA platform integration)
2026-06-18T22:06:42.635+05:30  INFO 13841 --- [hospital] [restartedMain] j.LocalContainerEntityManagerFactoryBean : Initialized JPA EntityManagerFactory for persistence unit 'default'
2026-06-18T22:06:42.664+05:30  WARN 13841 --- [hospital] [restartedMain] JpaBaseConfiguration$JpaWebConfiguration : spring.jpa.open-in-view is enabled by default. Therefore, database queries may be performed during view rendering. Explicitly configure spring.jpa.open-in-view to disable this warning
2026-06-18T22:06:42.682+05:30  INFO 13841 --- [hospital] [restartedMain] o.s.boot.tomcat.TomcatWebServer          : Tomcat started on port 8080 (http) with context path '/'
2026-06-18T22:06:42.683+05:30  INFO 13841 --- [hospital] [restartedMain] c.ermapsh.hospital.HospitalApplication   : Started HospitalApplication in 0.222 seconds (process running for 7886.549)
2026-06-18T22:06:42.683+05:30  INFO 13841 --- [hospital] [restartedMain] .ConditionEvaluationDeltaLoggingListener : Condition evaluation unchanged
2026-06-18T22:07:04.293+05:30  INFO 13841 --- [hospital] [File Watcher] rtingClassPathChangeChangedEventListener : Restarting due to 1 class path change (0 additions, 0 deletions, 1 modification)
2026-06-18T22:07:04.294+05:30  INFO 13841 --- [hospital] [Thread-84] o.s.boot.tomcat.GracefulShutdown         : Commencing graceful shutdown. Waiting for active requests to complete
2026-06-18T22:07:04.298+05:30  INFO 13841 --- [hospital] [tomcat-shutdown] o.s.boot.tomcat.GracefulShutdown         : Graceful shutdown complete
2026-06-18T22:07:04.300+05:30  INFO 13841 --- [hospital] [Thread-84] j.LocalContainerEntityManagerFactoryBean : Closing JPA EntityManagerFactory for persistence unit 'default'
2026-06-18T22:07:04.300+05:30  INFO 13841 --- [hospital] [Thread-84] com.zaxxer.hikari.HikariDataSource       : HikariPool-22 - Shutdown initiated...
2026-06-18T22:07:04.302+05:30  INFO 13841 --- [hospital] [Thread-84] com.zaxxer.hikari.HikariDataSource       : HikariPool-22 - Shutdown completed.
